1                                                          The SAS System                       09:45 Wednesday, June 3, 2026

NOTE: Copyright © 2002-2012 by SAS Institute Inc., Cary, NC, USA.
NOTE: SAS (r) Proprietary Software 9.4 (TS1M7)
      Licensed to CGS ADMINISTRATORS LLC, Site 70221563.
NOTE: This session is executing on the X64_SRV16  platform.


NOTE: Log file opened at Wed Jun 03 09:45:00 2026

NOTE: Updated analytical products:

      SAS/STAT 15.2

NOTE: AUTOEXEC processing beginning; file is E:\SAS\Config\autoexec_DME_Probe_Summary_Edit_Effectiveness_Qtly.sas.

NOTE: SAS initialization used:
      real time           0.08 seconds
      cpu time            0.06 seconds

NOTE: There were 311 observations read from the data set WORK.PROBE.
NOTE: The data set WORK.PROBE_OUT has 311 observations and 42 variables.
NOTE: DATA statement used (Total process time):
      real time           0.06 seconds
      cpu time            0.06 seconds

101  proc sql;
102      create table work.q01 as
103      select * from dme.denials_01;
104  quit;
NOTE: Table WORK.Q01 created, with 1037 rows and 18 columns.
NOTE: PROCEDURE SQL used (Total process time):
      real time           0.21 seconds
      cpu time            0.11 seconds

102  proc sql;
103      create table work.q02 as
104      select * from dme.denials_02;
105  quit;
NOTE: Table WORK.Q02 created, with 1074 rows and 18 columns.
NOTE: PROCEDURE SQL used (Total process time):
      real time           0.22 seconds
      cpu time            0.12 seconds

NOTE: PROCEDURE MEANS used (Total process time):
      real time           0.19 seconds
      cpu time            0.12 seconds

NOTE: The SAS System used:
      real time           45.81 seconds
      user cpu time       1.92 seconds
      system cpu time     0.53 seconds
      memory              1620.12k
      OS Memory           9984.00k
      Timestamp           06/03/2026 09:45:46 AM
      Step Count                        5  Switch Count  21
